2026-07-19 06:24:19,539 INFO GLD last_bar=2026-07-17 15:30:00-04:00 age=2094min -> market closed/stale
2026-07-19 06:24:19,816 INFO SPY last_bar=2026-07-17 15:30:00-04:00 age=2094min -> market closed/stale
2026-07-19 06:24:20,027 INFO UCO last_bar=2026-07-17 15:30:00-04:00 age=2094min -> market closed/stale
2026-07-19 06:24:20,219 INFO UNG last_bar=2026-07-17 15:30:00-04:00 age=2094min -> market closed/stale
2026-07-19 06:24:20,395 INFO USO last_bar=2026-07-17 15:30:00-04:00 age=2094min -> market closed/stale
2026-07-19 06:24:20,618 INFO XLE last_bar=2026-07-17 15:30:00-04:00 age=2094min -> market closed/stale
2026-07-19 06:24:20,618 INFO STATUS market=closed equity=$10000.00 cash=$10000.00 dailyPL=0.00% positions=[] pending=0 trades=0
2026-07-20 19:16:00,707 INFO GLD price=367.57 rsi=46.9 signal=FLAT action=flat
2026-07-20 19:16:00,709 INFO SPY price=741.70 rsi=34.7 signal=FLAT action=flat
2026-07-20 19:16:00,710 INFO UCO price=41.67 rsi=67.4 signal=FLAT action=flat
2026-07-20 19:16:00,712 INFO UNG price=10.34 rsi=47.1 signal=FLAT action=flat
2026-07-20 19:16:00,714 INFO USO price=126.04 rsi=71.0 signal=FLAT action=flat
2026-07-20 19:16:00,715 INFO XLE price=58.19 rsi=66.0 signal=FLAT action=flat
2026-07-20 19:16:00,716 INFO STATUS market=open equity=$10000.00 cash=$10000.00 dailyPL=0.00% positions=[] pending=0 trades=0
2026-07-20 22:41:29,519 INFO GLD last_bar=2026-07-20 15:30:00-04:00 age=191min -> market closed/stale
2026-07-20 22:41:30,008 INFO SPY last_bar=2026-07-20 15:30:00-04:00 age=192min -> market closed/stale
2026-07-20 22:41:30,363 INFO UCO last_bar=2026-07-20 15:30:00-04:00 age=192min -> market closed/stale
2026-07-20 22:41:31,041 INFO UNG last_bar=2026-07-20 15:30:00-04:00 age=192min -> market closed/stale
2026-07-20 22:41:31,691 INFO USO last_bar=2026-07-20 15:30:00-04:00 age=192min -> market closed/stale
2026-07-20 22:41:32,177 INFO XLE last_bar=2026-07-20 15:30:00-04:00 age=192min -> market closed/stale
2026-07-20 22:41:32,177 INFO STATUS market=closed equity=$10000.00 cash=$10000.00 dailyPL=0.00% positions=[] pending=0 trades=0
2026-07-21 17:56:05,768 INFO GLD price=373.25 rsi=67.4 signal=FLAT action=flat
2026-07-21 17:56:05,769 INFO SPY price=748.71 rsi=59.0 signal=FLAT action=flat
2026-07-21 17:56:05,771 INFO UCO price=42.11 rsi=64.5 signal=FLAT action=flat
2026-07-21 17:56:05,772 INFO UNG price=10.30 rsi=44.1 signal=FLAT action=flat
2026-07-21 17:56:05,774 INFO USO price=128.50 rsi=70.8 signal=FLAT action=flat
2026-07-21 17:56:05,775 INFO XLE price=58.32 rsi=63.8 signal=FLAT action=flat
2026-07-21 17:56:05,776 INFO STATUS market=open equity=$10000.00 cash=$10000.00 dailyPL=0.00% positions=[] pending=0 trades=0
2026-07-21 21:46:06,146 INFO GLD last_bar=2026-07-21 15:30:00-04:00 age=136min -> market closed/stale
2026-07-21 21:46:06,626 INFO SPY last_bar=2026-07-21 15:30:00-04:00 age=136min -> market closed/stale
2026-07-21 21:46:07,054 INFO UCO last_bar=2026-07-21 15:30:00-04:00 age=136min -> market closed/stale
2026-07-21 21:46:07,454 INFO UNG last_bar=2026-07-21 15:30:00-04:00 age=136min -> market closed/stale
2026-07-21 21:46:08,123 INFO USO last_bar=2026-07-21 15:30:00-04:00 age=136min -> market closed/stale
2026-07-21 21:46:08,533 INFO XLE last_bar=2026-07-21 15:30:00-04:00 age=136min -> market closed/stale
2026-07-21 21:46:08,533 INFO STATUS market=closed equity=$10000.00 cash=$10000.00 dailyPL=0.00% positions=[] pending=0 trades=0
2026-07-22 17:50:55,324 INFO GLD price=380.10 rsi=71.7 signal=FLAT action=flat
2026-07-22 17:50:55,325 INFO SPY price=749.03 rsi=56.1 signal=FLAT action=flat
2026-07-22 17:50:55,327 INFO UCO price=42.78 rsi=65.7 signal=FLAT action=flat
2026-07-22 17:50:55,328 INFO UNG price=10.58 rsi=66.2 signal=FLAT action=flat
2026-07-22 17:50:55,330 INFO USO price=132.17 rsi=72.0 signal=FLAT action=flat
2026-07-22 17:50:55,331 INFO XLE price=59.24 rsi=70.0 signal=FLAT action=flat
2026-07-22 17:50:55,332 INFO STATUS market=open equity=$10000.00 cash=$10000.00 dailyPL=0.00% positions=[] pending=0 trades=0
2026-07-22 21:43:56,953 INFO GLD last_bar=2026-07-22 15:30:00-04:00 age=134min -> market closed/stale
2026-07-22 21:43:57,572 INFO SPY last_bar=2026-07-22 15:30:00-04:00 age=134min -> market closed/stale
2026-07-22 21:43:58,074 INFO UCO last_bar=2026-07-22 15:30:00-04:00 age=134min -> market closed/stale
2026-07-22 21:43:58,436 INFO UNG last_bar=2026-07-22 15:30:00-04:00 age=134min -> market closed/stale
2026-07-22 21:43:58,922 INFO USO last_bar=2026-07-22 15:30:00-04:00 age=134min -> market closed/stale
2026-07-22 21:43:59,411 INFO XLE last_bar=2026-07-22 15:30:00-04:00 age=134min -> market closed/stale
2026-07-22 21:43:59,412 INFO STATUS market=closed equity=$10000.00 cash=$10000.00 dailyPL=0.00% positions=[] pending=0 trades=0
2026-07-23 17:58:41,251 INFO GLD price=370.84 rsi=34.3 signal=FLAT action=flat
2026-07-23 17:58:41,253 INFO SPY price=737.20 rsi=29.6 signal=FLAT action=flat
2026-07-23 17:58:41,255 INFO UCO price=45.46 rsi=81.9 signal=FLAT action=flat
2026-07-23 17:58:41,256 INFO UNG price=10.68 rsi=63.7 signal=FLAT action=flat
2026-07-23 17:58:41,258 INFO USO price=141.80 rsi=82.7 signal=FLAT action=flat
2026-07-23 17:58:41,260 INFO XLE price=59.76 rsi=62.7 signal=FLAT action=flat
2026-07-23 17:58:41,260 INFO STATUS market=open equity=$10000.00 cash=$10000.00 dailyPL=0.00% positions=[] pending=0 trades=0
2026-07-23 21:41:33,108 INFO GLD last_bar=2026-07-23 15:30:00-04:00 age=132min -> market closed/stale
2026-07-23 21:41:33,556 INFO SPY last_bar=2026-07-23 15:30:00-04:00 age=132min -> market closed/stale
2026-07-23 21:41:34,004 INFO UCO last_bar=2026-07-23 15:30:00-04:00 age=132min -> market closed/stale
2026-07-23 21:41:34,432 INFO UNG last_bar=2026-07-23 15:30:00-04:00 age=132min -> market closed/stale
2026-07-23 21:41:34,630 INFO USO last_bar=2026-07-23 15:30:00-04:00 age=132min -> market closed/stale
2026-07-23 21:41:34,998 INFO XLE last_bar=2026-07-23 15:30:00-04:00 age=132min -> market closed/stale
2026-07-23 21:41:34,999 INFO STATUS market=closed equity=$10000.00 cash=$10000.00 dailyPL=0.00% positions=[] pending=0 trades=0
2026-07-24 18:05:21,643 INFO GLD price=372.79 rsi=46.0 signal=FLAT action=flat
2026-07-24 18:05:21,645 INFO SPY price=740.81 rsi=47.0 signal=FLAT action=flat
2026-07-24 18:05:21,647 INFO UCO price=43.50 rsi=48.2 signal=FLAT action=flat
2026-07-24 18:05:21,649 INFO UNG price=10.52 rsi=40.7 signal=FLAT action=flat
2026-07-24 18:05:21,651 INFO USO price=135.25 rsi=47.3 signal=FLAT action=flat
2026-07-24 18:05:21,652 INFO XLE price=59.63 rsi=51.5 signal=FLAT action=flat
2026-07-24 18:05:21,722 INFO STATUS market=open equity=$10000.00 cash=$10000.00 dailyPL=0.00% positions=[] pending=0 trades=0
2026-07-24 22:34:10,459 INFO GLD last_bar=2026-07-24 15:30:00-04:00 age=184min -> market closed/stale
2026-07-24 22:34:10,707 INFO SPY last_bar=2026-07-24 15:30:00-04:00 age=184min -> market closed/stale
2026-07-24 22:34:10,917 INFO UCO last_bar=2026-07-24 15:30:00-04:00 age=184min -> market closed/stale
2026-07-24 22:34:11,117 INFO UNG last_bar=2026-07-24 15:30:00-04:00 age=184min -> market closed/stale
2026-07-24 22:34:11,326 INFO USO last_bar=2026-07-24 15:30:00-04:00 age=184min -> market closed/stale
2026-07-24 22:34:11,606 INFO XLE last_bar=2026-07-24 15:30:00-04:00 age=184min -> market closed/stale
2026-07-24 22:34:11,606 INFO STATUS market=closed equity=$10000.00 cash=$10000.00 dailyPL=0.00% positions=[] pending=0 trades=0
2026-07-27 18:16:04,478 INFO OPEN LONG USO 19.9394 @ 125.38 stop=122.87 target=130.40 level=high
2026-07-27 18:16:04,478 INFO CMD conviction LONG USO level=high
2026-07-27 18:16:04,480 INFO GLD price=373.77 rsi=51.9 signal=FLAT action=flat
2026-07-27 18:16:04,482 INFO SPY price=737.30 rsi=43.6 signal=FLAT action=flat
2026-07-27 18:16:04,484 INFO UCO price=40.05 rsi=22.8 signal=FLAT action=flat
2026-07-27 18:16:04,486 INFO UNG price=10.12 rsi=25.9 signal=FLAT action=flat
2026-07-27 18:16:04,488 INFO USO price=125.38 rsi=22.9 signal=FLAT action=hold
2026-07-27 18:16:04,490 INFO XLE price=58.69 rsi=35.9 signal=FLAT action=flat
2026-07-27 18:16:04,491 INFO STATUS market=open equity=$10000.00 cash=$10000.00 dailyPL=0.00% positions=['USO'] pending=0 trades=0
2026-07-27 22:33:10,780 INFO GLD last_bar=2026-07-27 15:30:00-04:00 age=183min -> market closed/stale
2026-07-27 22:33:11,004 INFO SPY last_bar=2026-07-27 15:30:00-04:00 age=183min -> market closed/stale
2026-07-27 22:33:11,237 INFO UCO last_bar=2026-07-27 15:30:00-04:00 age=183min -> market closed/stale
2026-07-27 22:33:11,435 INFO UNG last_bar=2026-07-27 15:30:00-04:00 age=183min -> market closed/stale
2026-07-27 22:33:11,647 INFO USO last_bar=2026-07-27 15:30:00-04:00 age=183min -> market closed/stale
2026-07-27 22:33:11,887 INFO XLE last_bar=2026-07-27 15:30:00-04:00 age=183min -> market closed/stale
2026-07-27 22:33:11,888 INFO STATUS market=closed equity=$9984.05 cash=$10000.00 dailyPL=-0.16% positions=['USO'] pending=0 trades=0
2026-07-28 18:03:13,408 INFO CLOSE LONG USO 19.9394 @ 122.87 (stop-hit) P/L=$-50.00
2026-07-28 18:03:13,408 INFO OPEN LONG USO 20.6141 @ 120.67 stop=118.26 target=125.50 level=high
2026-07-28 18:03:13,408 INFO CMD conviction LONG USO level=high
2026-07-28 18:03:13,410 INFO GLD price=369.49 rsi=36.3 signal=FLAT action=flat
2026-07-28 18:03:13,412 INFO SPY price=741.15 rsi=53.9 signal=FLAT action=flat
2026-07-28 18:03:13,414 INFO UCO price=37.56 rsi=24.3 signal=FLAT action=flat
2026-07-28 18:03:13,415 INFO UNG price=9.89 rsi=31.3 signal=FLAT action=flat
2026-07-28 18:03:13,417 INFO USO price=120.67 rsi=27.4 signal=FLAT action=hold
2026-07-28 18:03:13,418 INFO XLE price=57.69 rsi=35.2 signal=FLAT action=flat
2026-07-28 18:03:13,419 INFO STATUS market=open equity=$9950.00 cash=$9950.00 dailyPL=0.44% positions=['USO'] pending=0 trades=1
2026-07-28 22:17:48,485 INFO GLD last_bar=2026-07-28 15:30:00-04:00 age=168min -> market closed/stale
2026-07-28 22:17:48,712 INFO SPY last_bar=2026-07-28 15:30:00-04:00 age=168min -> market closed/stale
2026-07-28 22:17:48,887 INFO UCO last_bar=2026-07-28 15:30:00-04:00 age=168min -> market closed/stale
2026-07-28 22:17:49,074 INFO UNG last_bar=2026-07-28 15:30:00-04:00 age=168min -> market closed/stale
2026-07-28 22:17:49,625 INFO USO last_bar=2026-07-28 15:30:00-04:00 age=168min -> market closed/stale
2026-07-28 22:17:49,832 INFO XLE last_bar=2026-07-28 15:30:00-04:00 age=168min -> market closed/stale
2026-07-28 22:17:49,833 INFO STATUS market=closed equity=$9946.08 cash=$9950.00 dailyPL=0.40% positions=['USO'] pending=0 trades=1
2026-07-29 17:51:16,410 INFO CLOSE LONG USO 20.6141 @ 125.50 (target-hit) P/L=$99.50
2026-07-29 17:51:16,410 INFO OPEN LONG USO 19.5212 @ 128.70 stop=126.13 target=133.85 level=high
2026-07-29 17:51:16,411 INFO CMD conviction LONG USO level=high
2026-07-29 17:51:16,413 INFO GLD price=371.24 rsi=57.2 signal=FLAT action=flat
2026-07-29 17:51:16,415 INFO SPY price=736.12 rsi=43.8 signal=FLAT action=flat
2026-07-29 17:51:16,416 INFO UCO price=41.19 rsi=62.1 signal=FLAT action=flat
2026-07-29 17:51:16,418 INFO UNG price=9.92 rsi=42.6 signal=FLAT action=flat
2026-07-29 17:51:16,420 INFO USO price=128.70 rsi=59.1 signal=FLAT action=hold
2026-07-29 17:51:16,422 INFO XLE price=58.67 rsi=52.6 signal=FLAT action=flat
2026-07-29 17:51:16,422 INFO STATUS market=open equity=$10049.50 cash=$10049.50 dailyPL=-0.65% positions=['USO'] pending=0 trades=2
2026-07-29 21:16:20,847 INFO GLD last_bar=2026-07-29 15:30:00-04:00 age=106min -> market closed/stale
2026-07-29 21:16:21,115 INFO SPY last_bar=2026-07-29 15:30:00-04:00 age=106min -> market closed/stale
2026-07-29 21:16:21,334 INFO UCO last_bar=2026-07-29 15:30:00-04:00 age=106min -> market closed/stale
2026-07-29 21:16:21,533 INFO UNG last_bar=2026-07-29 15:30:00-04:00 age=106min -> market closed/stale
2026-07-29 21:16:21,732 INFO USO last_bar=2026-07-29 15:30:00-04:00 age=106min -> market closed/stale
2026-07-29 21:16:21,939 INFO XLE last_bar=2026-07-29 15:30:00-04:00 age=106min -> market closed/stale
2026-07-29 21:16:21,940 INFO STATUS market=closed equity=$10061.60 cash=$10049.50 dailyPL=-0.53% positions=['USO'] pending=0 trades=2
2026-07-30 06:46:45,300 INFO GLD last_bar=2026-07-29 15:30:00-04:00 age=677min -> market closed/stale
2026-07-30 06:46:45,531 INFO SPY last_bar=2026-07-29 15:30:00-04:00 age=677min -> market closed/stale
2026-07-30 06:46:45,708 INFO UCO last_bar=2026-07-29 15:30:00-04:00 age=677min -> market closed/stale
2026-07-30 06:46:45,880 INFO UNG last_bar=2026-07-29 15:30:00-04:00 age=677min -> market closed/stale
2026-07-30 06:46:46,039 INFO USO last_bar=2026-07-29 15:30:00-04:00 age=677min -> market closed/stale
2026-07-30 06:46:46,244 INFO XLE last_bar=2026-07-29 15:30:00-04:00 age=677min -> market closed/stale
2026-07-30 06:46:46,245 INFO STATUS market=closed equity=$10061.60 cash=$10049.50 dailyPL=0.00% positions=['USO'] pending=0 trades=2
2026-07-30 18:02:25,018 INFO CLOSE LONG USO 19.5212 @ 128.05 (conviction-replace) P/L=$-12.69
2026-07-30 18:02:25,019 INFO OPEN LONG USO 19.5955 @ 128.05 stop=125.49 target=133.17 level=high
2026-07-30 18:02:25,019 INFO CMD conviction LONG USO level=high
2026-07-30 18:02:25,021 INFO GLD price=376.46 rsi=59.2 signal=FLAT action=flat
2026-07-30 18:02:25,023 INFO SPY price=740.20 rsi=55.2 signal=FLAT action=flat
2026-07-30 18:02:25,025 INFO UCO price=40.19 rsi=48.8 signal=FLAT action=flat
2026-07-30 18:02:25,026 INFO UNG price=10.04 rsi=54.4 signal=FLAT action=flat
2026-07-30 18:02:25,028 INFO USO price=128.05 rsi=53.2 signal=FLAT action=hold
2026-07-30 18:02:25,030 INFO XLE price=58.67 rsi=54.4 signal=FLAT action=flat
2026-07-30 18:02:25,031 INFO STATUS market=open equity=$10036.81 cash=$10036.81 dailyPL=-0.25% positions=['USO'] pending=0 trades=3
2026-07-30 22:35:52,237 INFO GLD last_bar=2026-07-30 15:30:00-04:00 age=186min -> market closed/stale
2026-07-30 22:35:52,436 INFO SPY last_bar=2026-07-30 15:30:00-04:00 age=186min -> market closed/stale
2026-07-30 22:35:52,615 INFO UCO last_bar=2026-07-30 15:30:00-04:00 age=186min -> market closed/stale
2026-07-30 22:35:52,787 INFO UNG last_bar=2026-07-30 15:30:00-04:00 age=186min -> market closed/stale
2026-07-30 22:35:52,955 INFO USO last_bar=2026-07-30 15:30:00-04:00 age=186min -> market closed/stale
2026-07-30 22:35:53,129 INFO XLE last_bar=2026-07-30 15:30:00-04:00 age=186min -> market closed/stale
2026-07-30 22:35:53,130 INFO STATUS market=closed equity=$10025.25 cash=$10036.81 dailyPL=-0.36% positions=['USO'] pending=0 trades=3
2026-07-31 18:11:32,888 INFO CLOSE LONG USO 19.5955 @ 129.07 (conviction-replace) P/L=$19.99
2026-07-31 18:11:32,888 INFO OPEN LONG USO 19.4793 @ 129.07 stop=126.49 target=134.23 level=high
2026-07-31 18:11:32,888 INFO CMD conviction LONG USO level=high
2026-07-31 18:11:32,891 INFO GLD price=371.48 rsi=45.3 signal=FLAT action=flat
2026-07-31 18:11:32,894 INFO SPY price=745.60 rsi=62.1 signal=FLAT action=flat
2026-07-31 18:11:32,895 INFO UCO price=40.42 rsi=51.3 signal=FLAT action=flat
2026-07-31 18:11:32,897 INFO UNG price=9.99 rsi=51.8 signal=FLAT action=flat
2026-07-31 18:11:32,900 INFO USO price=129.07 rsi=54.0 signal=FLAT action=hold
2026-07-31 18:11:32,902 INFO XLE price=59.31 rsi=64.7 signal=FLAT action=flat
2026-07-31 18:11:32,903 INFO STATUS market=open equity=$10056.80 cash=$10056.80 dailyPL=0.00% positions=['USO'] pending=0 trades=4
2026-07-31 22:15:58,416 INFO GLD last_bar=2026-07-31 15:30:00-04:00 age=166min -> market closed/stale
2026-07-31 22:15:58,629 INFO SPY last_bar=2026-07-31 15:30:00-04:00 age=166min -> market closed/stale
2026-07-31 22:15:58,814 INFO UCO last_bar=2026-07-31 15:30:00-04:00 age=166min -> market closed/stale
2026-07-31 22:15:58,994 INFO UNG last_bar=2026-07-31 15:30:00-04:00 age=166min -> market closed/stale
2026-07-31 22:15:59,162 INFO USO last_bar=2026-07-31 15:30:00-04:00 age=166min -> market closed/stale
2026-07-31 22:15:59,363 INFO XLE last_bar=2026-07-31 15:30:00-04:00 age=166min -> market closed/stale
2026-07-31 22:15:59,364 INFO STATUS market=closed equity=$10058.94 cash=$10056.80 dailyPL=0.02% positions=['USO'] pending=0 trades=4
2026-08-03 19:06:39,555 INFO CLOSE LONG USO 19.4793 @ 126.49 (stop-hit) P/L=$-50.28
2026-08-03 19:06:39,556 INFO OPEN LONG USO 20.4280 @ 122.46 stop=120.01 target=127.36 level=high
2026-08-03 19:06:39,556 INFO CMD conviction LONG USO level=high
2026-08-03 19:06:39,557 INFO GLD price=371.41 rsi=51.2 signal=FLAT action=flat
2026-08-03 19:06:39,559 INFO SPY price=758.40 rsi=78.5 signal=FLAT action=flat
2026-08-03 19:06:39,560 INFO UCO price=37.88 rsi=35.6 signal=FLAT action=flat
2026-08-03 19:06:39,561 INFO UNG price=10.10 rsi=58.8 signal=FLAT action=flat
2026-08-03 19:06:39,562 INFO USO price=122.46 rsi=37.8 signal=FLAT action=hold
2026-08-03 19:06:39,563 INFO XLE price=58.53 rsi=40.8 signal=FLAT action=flat
2026-08-03 19:06:39,564 INFO STATUS market=open equity=$10006.51 cash=$10006.51 dailyPL=0.79% positions=['USO'] pending=0 trades=5
2026-08-03 22:44:16,219 INFO GLD last_bar=2026-08-03 15:30:00-04:00 age=194min -> market closed/stale
2026-08-03 22:44:16,514 INFO SPY last_bar=2026-08-03 15:30:00-04:00 age=194min -> market closed/stale
2026-08-03 22:44:16,946 INFO UCO last_bar=2026-08-03 15:30:00-04:00 age=194min -> market closed/stale
2026-08-03 22:44:17,144 INFO UNG last_bar=2026-08-03 15:30:00-04:00 age=194min -> market closed/stale
2026-08-03 22:44:17,405 INFO USO last_bar=2026-08-03 15:30:00-04:00 age=194min -> market closed/stale
2026-08-03 22:44:17,689 INFO XLE last_bar=2026-08-03 15:30:00-04:00 age=194min -> market closed/stale
2026-08-03 22:44:17,690 INFO STATUS market=closed equity=$10000.38 cash=$10006.51 dailyPL=0.73% positions=['USO'] pending=0 trades=5
2026-08-04 19:09:50,870 INFO CLOSE LONG USO 20.4280 @ 120.01 (stop-hit) P/L=$-50.03
2026-08-04 19:09:50,870 INFO OPEN LONG USO 21.4811 @ 115.88 stop=113.56 target=120.51 level=high
2026-08-04 19:09:50,870 INFO CMD conviction LONG USO level=high
2026-08-04 19:09:50,872 INFO GLD price=374.62 rsi=59.3 signal=FLAT action=flat
2026-08-04 19:09:50,874 INFO SPY price=772.98 rsi=88.5 signal=FLAT action=flat
2026-08-04 19:09:50,876 INFO UCO price=35.71 rsi=32.7 signal=FLAT action=flat
2026-08-04 19:09:50,878 INFO UNG price=9.76 rsi=35.7 signal=FLAT action=flat
2026-08-04 19:09:50,880 INFO USO price=115.88 rsi=28.9 signal=FLAT action=hold
2026-08-04 19:09:50,881 INFO XLE price=58.68 rsi=50.7 signal=FLAT action=flat
2026-08-04 19:09:50,918 INFO STATUS market=open equity=$9956.48 cash=$9956.48 dailyPL=0.86% positions=['USO'] pending=0 trades=6
2026-08-04 23:29:39,142 INFO GLD last_bar=2026-08-04 15:30:00-04:00 age=240min -> market closed/stale
2026-08-04 23:29:39,375 INFO SPY last_bar=2026-08-04 15:30:00-04:00 age=240min -> market closed/stale
2026-08-04 23:29:39,541 INFO UCO last_bar=2026-08-04 15:30:00-04:00 age=240min -> market closed/stale
2026-08-04 23:29:39,709 INFO UNG last_bar=2026-08-04 15:30:00-04:00 age=240min -> market closed/stale
2026-08-04 23:29:39,878 INFO USO last_bar=2026-08-04 15:30:00-04:00 age=240min -> market closed/stale
2026-08-04 23:29:40,067 INFO XLE last_bar=2026-08-04 15:30:00-04:00 age=240min -> market closed/stale
2026-08-04 23:29:40,068 INFO STATUS market=closed equity=$9953.80 cash=$9956.48 dailyPL=0.83% positions=['USO'] pending=0 trades=6
2026-08-05 18:11:50,843 INFO CLOSE LONG USO 21.4811 @ 114.89 (conviction-replace) P/L=$-21.05
2026-08-05 18:11:50,843 INFO OPEN LONG USO 21.6185 @ 114.89 stop=112.60 target=119.49 level=high
2026-08-05 18:11:50,843 INFO CMD conviction LONG USO level=high
2026-08-05 18:11:50,845 INFO GLD price=390.52 rsi=80.9 signal=FLAT action=flat
2026-08-05 18:11:50,847 INFO SPY price=772.08 rsi=64.5 signal=FLAT action=flat
2026-08-05 18:11:50,848 INFO UCO price=35.42 rsi=40.1 signal=FLAT action=flat
2026-08-05 18:11:50,850 INFO UNG price=9.81 rsi=48.0 signal=FLAT action=flat
2026-08-05 18:11:50,852 INFO USO price=114.89 rsi=36.2 signal=FLAT action=hold
2026-08-05 18:11:50,853 INFO XLE price=57.55 rsi=37.7 signal=FLAT action=flat
2026-08-05 18:11:50,854 INFO STATUS market=open equity=$9935.43 cash=$9935.43 dailyPL=0.00% positions=['USO'] pending=0 trades=7
2026-08-05 22:34:41,472 INFO GLD last_bar=2026-08-05 15:30:00-04:00 age=185min -> market closed/stale
2026-08-05 22:34:41,786 INFO SPY last_bar=2026-08-05 15:30:00-04:00 age=185min -> market closed/stale
2026-08-05 22:34:42,015 INFO UCO last_bar=2026-08-05 15:30:00-04:00 age=185min -> market closed/stale
2026-08-05 22:34:42,415 INFO UNG last_bar=2026-08-05 15:30:00-04:00 age=185min -> market closed/stale
2026-08-05 22:34:42,674 INFO USO last_bar=2026-08-05 15:30:00-04:00 age=185min -> market closed/stale
2026-08-05 22:34:42,963 INFO XLE last_bar=2026-08-05 15:30:00-04:00 age=185min -> market closed/stale
2026-08-05 22:34:42,964 INFO STATUS market=closed equity=$9935.76 cash=$9935.43 dailyPL=0.00% positions=['USO'] pending=0 trades=7
2026-08-07 04:14:45,957 INFO GLD last_bar=2026-08-06 15:30:00-04:00 age=525min -> market closed/stale
2026-08-07 04:14:46,136 INFO SPY last_bar=2026-08-06 15:30:00-04:00 age=525min -> market closed/stale
2026-08-07 04:14:46,327 INFO UCO last_bar=2026-08-06 15:30:00-04:00 age=525min -> market closed/stale
2026-08-07 04:14:46,496 INFO UNG last_bar=2026-08-06 15:30:00-04:00 age=525min -> market closed/stale
2026-08-07 04:14:46,688 INFO USO last_bar=2026-08-06 15:30:00-04:00 age=525min -> market closed/stale
2026-08-07 04:14:46,877 INFO XLE last_bar=2026-08-06 15:30:00-04:00 age=525min -> market closed/stale
2026-08-07 04:14:46,878 INFO STATUS market=closed equity=$10021.01 cash=$9935.43 dailyPL=0.00% positions=['USO'] pending=0 trades=7
2026-08-07 16:11:14,543 INFO CLOSE LONG USO 21.6185 @ 119.49 (target-hit) P/L=$99.35
2026-08-07 16:11:14,544 INFO OPEN LONG USO 20.9617 @ 119.68 stop=117.29 target=124.47 level=high
2026-08-07 16:11:14,544 INFO CMD conviction LONG USO level=high
2026-08-07 16:11:14,545 INFO GLD price=398.73 rsi=74.3 signal=FLAT action=flat
2026-08-07 16:11:14,547 INFO SPY price=773.27 rsi=62.9 signal=FLAT action=flat
2026-08-07 16:11:14,549 INFO UCO price=37.78 rsi=66.1 signal=FLAT action=flat
2026-08-07 16:11:14,550 INFO UNG price=9.72 rsi=50.4 signal=FLAT action=flat
2026-08-07 16:11:14,551 INFO USO price=119.68 rsi=61.5 signal=FLAT action=hold
2026-08-07 16:11:14,553 INFO XLE price=57.91 rsi=50.4 signal=FLAT action=flat
2026-08-07 16:11:14,554 INFO STATUS market=open equity=$10034.79 cash=$10034.79 dailyPL=0.14% positions=['USO'] pending=0 trades=8
2026-08-07 19:39:59,170 INFO CLOSE LONG USO 20.9617 @ 118.05 (conviction-replace) P/L=$-34.17
2026-08-07 19:39:59,170 INFO OPEN LONG USO 21.1788 @ 118.05 stop=115.69 target=122.77 level=high
2026-08-07 19:39:59,170 INFO CMD conviction LONG USO level=high
2026-08-07 19:39:59,171 INFO GLD price=398.71 rsi=70.1 signal=FLAT action=flat
2026-08-07 19:39:59,173 INFO SPY price=772.95 rsi=59.9 signal=FLAT action=flat
2026-08-07 19:39:59,174 INFO UCO price=36.97 rsi=47.1 signal=FLAT action=flat
2026-08-07 19:39:59,175 INFO UNG price=9.72 rsi=48.9 signal=FLAT action=flat
2026-08-07 19:39:59,176 INFO USO price=118.05 rsi=45.2 signal=FLAT action=hold
2026-08-07 19:39:59,177 INFO XLE price=57.44 rsi=40.0 signal=FLAT action=flat
2026-08-07 19:39:59,177 INFO STATUS market=open equity=$10000.62 cash=$10000.62 dailyPL=-0.20% positions=['USO'] pending=0 trades=9
2026-08-07 22:07:05,868 INFO GLD last_bar=2026-08-07 15:30:00-04:00 age=157min -> market closed/stale
2026-08-07 22:07:06,394 INFO SPY last_bar=2026-08-07 15:30:00-04:00 age=157min -> market closed/stale
2026-08-07 22:07:06,966 INFO UCO last_bar=2026-08-07 15:30:00-04:00 age=157min -> market closed/stale
2026-08-07 22:07:07,360 INFO UNG last_bar=2026-08-07 15:30:00-04:00 age=157min -> market closed/stale
2026-08-07 22:07:07,844 INFO USO last_bar=2026-08-07 15:30:00-04:00 age=157min -> market closed/stale
2026-08-07 22:07:08,312 INFO XLE last_bar=2026-08-07 15:30:00-04:00 age=157min -> market closed/stale
2026-08-07 22:07:08,313 INFO STATUS market=closed equity=$10000.19 cash=$10000.62 dailyPL=-0.21% positions=['USO'] pending=0 trades=9
2026-08-10 16:11:28,140 INFO CLOSE LONG USO 21.1788 @ 122.77 (target-hit) P/L=$100.01
2026-08-10 16:11:28,140 INFO OPEN LONG USO 20.3363 @ 124.17 stop=121.69 target=129.14 level=high
2026-08-10 16:11:28,140 INFO CMD conviction LONG USO level=high
2026-08-10 16:11:28,142 INFO GLD price=400.29 rsi=68.3 signal=FLAT action=flat
2026-08-10 16:11:28,143 INFO SPY price=774.11 rsi=61.9 signal=FLAT action=flat
2026-08-10 16:11:28,144 INFO UCO price=40.61 rsi=74.2 signal=FLAT action=flat
2026-08-10 16:11:28,145 INFO UNG price=10.20 rsi=76.9 signal=FLAT action=flat
2026-08-10 16:11:28,146 INFO USO price=124.17 rsi=69.6 signal=FLAT action=hold
2026-08-10 16:11:28,147 INFO XLE price=59.45 rsi=72.1 signal=FLAT action=flat
2026-08-10 16:11:28,148 INFO STATUS market=open equity=$10100.62 cash=$10100.62 dailyPL=-0.29% positions=['USO'] pending=0 trades=10
2026-08-10 19:44:36,130 INFO CLOSE LONG USO 20.3363 @ 125.82 (conviction-replace) P/L=$33.66
2026-08-10 19:44:36,130 INFO OPEN LONG USO 20.1357 @ 125.82 stop=123.31 target=130.86 level=high
2026-08-10 19:44:36,130 INFO CMD conviction LONG USO level=high
2026-08-10 19:44:36,132 INFO GLD price=402.56 rsi=72.0 signal=FLAT action=flat
2026-08-10 19:44:36,133 INFO SPY price=773.08 rsi=54.8 signal=FLAT action=flat
2026-08-10 19:44:36,135 INFO UCO price=41.12 rsi=72.5 signal=FLAT action=flat
2026-08-10 19:44:36,136 INFO UNG price=10.15 rsi=68.5 signal=FLAT action=flat
2026-08-10 19:44:36,138 INFO USO price=125.82 rsi=72.5 signal=FLAT action=hold
2026-08-10 19:44:36,139 INFO XLE price=60.17 rsi=76.7 signal=FLAT action=flat
2026-08-10 19:44:36,140 INFO STATUS market=open equity=$10134.28 cash=$10134.28 dailyPL=0.04% positions=['USO'] pending=0 trades=11
2026-08-10 22:09:20,342 INFO GLD last_bar=2026-08-10 15:30:00-04:00 age=159min -> market closed/stale
2026-08-10 22:09:20,804 INFO SPY last_bar=2026-08-10 15:30:00-04:00 age=159min -> market closed/stale
2026-08-10 22:09:21,091 INFO UCO last_bar=2026-08-10 15:30:00-04:00 age=159min -> market closed/stale
2026-08-10 22:09:21,346 INFO UNG last_bar=2026-08-10 15:30:00-04:00 age=159min -> market closed/stale
2026-08-10 22:09:21,717 INFO USO last_bar=2026-08-10 15:30:00-04:00 age=159min -> market closed/stale
2026-08-10 22:09:21,970 INFO XLE last_bar=2026-08-10 15:30:00-04:00 age=159min -> market closed/stale
2026-08-10 22:09:21,971 INFO STATUS market=closed equity=$10136.39 cash=$10134.28 dailyPL=0.06% positions=['USO'] pending=0 trades=11
2026-08-11 16:13:36,058 INFO CLOSE LONG USO 20.1357 @ 127.05 (conviction-replace) P/L=$24.67
2026-08-11 16:13:36,059 INFO OPEN LONG USO 19.9901 @ 127.05 stop=124.51 target=132.13 level=high
2026-08-11 16:13:36,059 INFO CMD conviction LONG USO level=high
2026-08-11 16:13:36,061 INFO GLD price=401.65 rsi=62.0 signal=FLAT action=flat
2026-08-11 16:13:36,062 INFO SPY price=772.11 rsi=46.7 signal=FLAT action=flat
2026-08-11 16:13:36,064 INFO UCO price=41.46 rsi=67.2 signal=FLAT action=flat
2026-08-11 16:13:36,065 INFO UNG price=10.05 rsi=52.2 signal=FLAT action=flat
2026-08-11 16:13:36,067 INFO USO price=127.05 rsi=71.0 signal=FLAT action=hold
2026-08-11 16:13:36,068 INFO XLE price=60.93 rsi=81.0 signal=FLAT action=flat
2026-08-11 16:13:36,069 INFO STATUS market=open equity=$10158.95 cash=$10158.95 dailyPL=0.00% positions=['USO'] pending=0 trades=12
2026-08-11 20:03:11,513 INFO CLOSE LONG USO 19.9901 @ 127.59 (conviction-replace) P/L=$10.79
2026-08-11 20:03:11,514 INFO OPEN LONG USO 19.9266 @ 127.59 stop=125.04 target=132.69 level=high
2026-08-11 20:03:11,514 INFO CMD conviction LONG USO level=high
2026-08-11 20:03:11,516 INFO GLD price=400.98 rsi=55.5 signal=FLAT action=flat
2026-08-11 20:03:11,517 INFO SPY price=770.48 rsi=41.5 signal=FLAT action=flat
2026-08-11 20:03:11,519 INFO UCO price=41.83 rsi=68.1 signal=FLAT action=flat
2026-08-11 20:03:11,520 INFO UNG price=10.07 rsi=52.6 signal=FLAT action=flat
2026-08-11 20:03:11,522 INFO USO price=127.59 rsi=69.8 signal=FLAT action=hold
2026-08-11 20:03:11,523 INFO XLE price=60.92 rsi=76.8 signal=FLAT action=flat
2026-08-11 20:03:11,524 INFO STATUS market=open equity=$10169.74 cash=$10169.74 dailyPL=0.11% positions=['USO'] pending=0 trades=13
2026-08-11 22:27:01,107 INFO GLD last_bar=2026-08-11 15:30:00-04:00 age=177min -> market closed/stale
2026-08-11 22:27:01,446 INFO SPY last_bar=2026-08-11 15:30:00-04:00 age=177min -> market closed/stale
2026-08-11 22:27:01,764 INFO UCO last_bar=2026-08-11 15:30:00-04:00 age=177min -> market closed/stale
2026-08-11 22:27:02,122 INFO UNG last_bar=2026-08-11 15:30:00-04:00 age=177min -> market closed/stale
2026-08-11 22:27:02,660 INFO USO last_bar=2026-08-11 15:30:00-04:00 age=177min -> market closed/stale
2026-08-11 22:27:03,109 INFO XLE last_bar=2026-08-11 15:30:00-04:00 age=177min -> market closed/stale
2026-08-11 22:27:03,110 INFO STATUS market=closed equity=$10169.74 cash=$10169.74 dailyPL=0.11% positions=['USO'] pending=0 trades=13
2026-08-12 16:12:37,176 INFO CLOSE LONG USO 19.9266 @ 127.11 (conviction-replace) P/L=$-9.47
2026-08-12 16:12:37,176 INFO OPEN LONG USO 19.9824 @ 127.11 stop=124.57 target=132.20 level=high
2026-08-12 16:12:37,176 INFO CMD conviction LONG USO level=high
2026-08-12 16:12:37,178 INFO GLD price=405.45 rsi=67.8 signal=FLAT action=flat
2026-08-12 16:12:37,181 INFO LIMIT LONG SPY 1.3156 @ 770.77 stop=755.35 target=801.60 level=normal
2026-08-12 16:12:37,181 INFO SPY price=772.31 rsi=52.5 signal=LONG action=limit-LONG
2026-08-12 16:12:37,183 INFO UCO price=41.46 rsi=59.6 signal=FLAT action=flat
2026-08-12 16:12:37,185 INFO UNG price=10.19 rsi=60.3 signal=FLAT action=flat
2026-08-12 16:12:37,186 INFO USO price=127.11 rsi=61.8 signal=FLAT action=hold
2026-08-12 16:12:37,188 INFO XLE price=60.80 rsi=69.6 signal=FLAT action=flat
2026-08-12 16:12:37,189 INFO STATUS market=open equity=$10160.28 cash=$10160.28 dailyPL=0.00% positions=['USO'] pending=1 trades=14
2026-08-12 20:03:00,376 INFO CLOSE LONG USO 19.9824 @ 127.30 (conviction-replace) P/L=$3.70
2026-08-12 20:03:00,376 INFO OPEN LONG USO 19.9607 @ 127.30 stop=124.75 target=132.39 level=high
2026-08-12 20:03:00,376 INFO CMD conviction LONG USO level=high
2026-08-12 20:03:00,378 INFO GLD price=404.91 rsi=60.2 signal=FLAT action=flat
2026-08-12 20:03:00,380 INFO SPY price=772.54 rsi=51.9 signal=FLAT action=hold
2026-08-12 20:03:00,381 INFO UCO price=41.71 rsi=61.3 signal=FLAT action=flat
2026-08-12 20:03:00,383 INFO UNG price=10.19 rsi=56.2 signal=FLAT action=flat
2026-08-12 20:03:00,384 INFO USO price=127.30 rsi=59.4 signal=FLAT action=hold
2026-08-12 20:03:00,385 INFO XLE price=61.02 rsi=66.8 signal=FLAT action=flat
2026-08-12 20:03:00,386 INFO STATUS market=open equity=$10163.97 cash=$10163.97 dailyPL=0.04% positions=['USO'] pending=1 trades=15
2026-08-12 22:26:06,365 INFO GLD last_bar=2026-08-12 15:30:00-04:00 age=176min -> market closed/stale
2026-08-12 22:26:06,792 INFO SPY last_bar=2026-08-12 15:30:00-04:00 age=176min -> market closed/stale
2026-08-12 22:26:07,321 INFO UCO last_bar=2026-08-12 15:30:00-04:00 age=176min -> market closed/stale
2026-08-12 22:26:07,670 INFO UNG last_bar=2026-08-12 15:30:00-04:00 age=176min -> market closed/stale
2026-08-12 22:26:08,057 INFO USO last_bar=2026-08-12 15:30:00-04:00 age=176min -> market closed/stale
2026-08-12 22:26:08,455 INFO XLE last_bar=2026-08-12 15:30:00-04:00 age=176min -> market closed/stale
2026-08-12 22:26:08,455 INFO STATUS market=closed equity=$10164.37 cash=$10163.97 dailyPL=0.04% positions=['USO'] pending=1 trades=15
2026-08-13 16:13:00,470 INFO CLOSE LONG USO 19.9607 @ 126.68 (conviction-replace) P/L=$-12.38
2026-08-13 16:13:00,471 INFO OPEN LONG USO 20.0339 @ 126.68 stop=124.15 target=131.75 level=high
2026-08-13 16:13:00,471 INFO CMD conviction LONG USO level=high
2026-08-13 16:13:00,473 INFO GLD price=399.51 rsi=38.7 signal=FLAT action=flat
2026-08-13 16:13:00,475 INFO SPY price=775.81 rsi=58.3 signal=FLAT action=hold
2026-08-13 16:13:00,477 INFO LIMIT LONG UCO 24.4205 @ 41.49 stop=40.66 target=43.15 level=normal
2026-08-13 16:13:00,477 INFO UCO price=41.57 rsi=55.8 signal=LONG action=limit-LONG
2026-08-13 16:13:00,479 INFO UNG price=10.04 rsi=42.8 signal=FLAT action=flat
2026-08-13 16:13:00,480 INFO USO price=126.68 rsi=53.5 signal=FLAT action=hold
2026-08-13 16:13:00,482 INFO XLE price=60.97 rsi=57.0 signal=FLAT action=flat
2026-08-13 16:13:00,483 INFO STATUS market=open equity=$10151.60 cash=$10151.60 dailyPL=0.00% positions=['USO'] pending=2 trades=16
2026-08-13 19:47:50,407 INFO FILL LONG UCO 24.4205 @ 41.49 (limit order)
2026-08-13 19:47:50,408 INFO CLOSE LONG USO 20.0340 @ 125.00 (conviction-replace) P/L=$-33.66
2026-08-13 19:47:50,408 INFO OPEN LONG USO 20.1960 @ 125.00 stop=122.50 target=130.00 level=high
2026-08-13 19:47:50,408 INFO CMD conviction LONG USO level=high
2026-08-13 19:47:50,411 INFO GLD price=398.79 rsi=36.2 signal=FLAT action=flat
2026-08-13 19:47:50,413 INFO SPY price=777.82 rsi=63.8 signal=FLAT action=hold
2026-08-13 19:47:50,415 INFO UCO price=40.67 rsi=44.6 signal=FLAT action=hold
2026-08-13 19:47:50,416 INFO UNG price=9.94 rsi=36.8 signal=FLAT action=flat
2026-08-13 19:47:50,418 INFO USO price=125.00 rsi=43.1 signal=FLAT action=hold
2026-08-13 19:47:50,420 INFO XLE price=61.06 rsi=58.5 signal=FLAT action=flat
2026-08-13 19:47:50,421 INFO STATUS market=open equity=$10097.99 cash=$10117.94 dailyPL=-0.53% positions=['UCO', 'USO'] pending=1 trades=17
2026-08-13 22:23:55,668 INFO GLD last_bar=2026-08-13 15:30:00-04:00 age=174min -> market closed/stale
2026-08-13 22:23:56,038 INFO SPY last_bar=2026-08-13 15:30:00-04:00 age=174min -> market closed/stale
2026-08-13 22:23:56,306 INFO UCO last_bar=2026-08-13 15:30:00-04:00 age=174min -> market closed/stale
2026-08-13 22:23:56,555 INFO UNG last_bar=2026-08-13 15:30:00-04:00 age=174min -> market closed/stale
2026-08-13 22:23:56,774 INFO USO last_bar=2026-08-13 15:30:00-04:00 age=174min -> market closed/stale
2026-08-13 22:23:57,114 INFO XLE last_bar=2026-08-13 15:30:00-04:00 age=174min -> market closed/stale
2026-08-13 22:23:57,116 INFO STATUS market=closed equity=$10096.97 cash=$10117.94 dailyPL=-0.54% positions=['UCO', 'USO'] pending=1 trades=17
2026-08-14 15:38:37,638 INFO CLOSE LONG USO 20.1960 @ 125.60 (conviction-replace) P/L=$12.12
2026-08-14 15:38:37,638 INFO OPEN LONG USO 20.1360 @ 125.60 stop=123.09 target=130.62 level=high
2026-08-14 15:38:37,638 INFO CMD conviction LONG USO level=high
2026-08-14 15:38:37,641 INFO LIMIT LONG GLD 2.5133 @ 401.71 stop=393.68 target=417.78 level=normal
2026-08-14 15:38:37,641 INFO GLD price=402.52 rsi=55.3 signal=LONG action=limit-LONG
2026-08-14 15:38:37,643 INFO SPY price=776.21 rsi=52.1 signal=FLAT action=hold
2026-08-14 15:38:37,644 INFO UCO price=40.92 rsi=49.6 signal=FLAT action=hold
2026-08-14 15:38:37,646 INFO LIMIT LONG UNG 100.3615 @ 10.06 stop=9.86 target=10.46 level=normal
2026-08-14 15:38:37,646 INFO UNG price=10.08 rsi=52.2 signal=LONG action=limit-LONG
2026-08-14 15:38:37,648 INFO USO price=125.60 rsi=49.4 signal=FLAT action=hold
2026-08-14 15:38:37,649 INFO XLE price=61.90 rsi=70.1 signal=FLAT action=flat
2026-08-14 15:38:37,651 INFO STATUS market=open equity=$10116.34 cash=$10130.06 dailyPL=0.00% positions=['UCO', 'USO'] pending=3 trades=18
2026-08-14 18:35:36,424 INFO FILL LONG GLD 2.5133 @ 401.71 (limit order)
2026-08-14 18:35:36,425 INFO FILL LONG UNG 100.3615 @ 10.06 (limit order)
2026-08-14 18:35:36,425 INFO CLOSE LONG USO 20.1360 @ 126.77 (conviction-replace) P/L=$23.56
2026-08-14 18:35:36,426 INFO OPEN LONG USO 20.0051 @ 126.77 stop=124.23 target=131.84 level=high
2026-08-14 18:35:36,426 INFO CMD conviction LONG USO level=high
2026-08-14 18:35:36,427 INFO GLD price=401.57 rsi=49.6 signal=FLAT action=hold
2026-08-14 18:35:36,429 INFO SPY price=775.91 rsi=50.2 signal=FLAT action=hold
2026-08-14 18:35:36,431 INFO UCO price=41.54 rsi=60.9 signal=FLAT action=hold
2026-08-14 18:35:36,432 INFO UNG price=9.96 rsi=38.9 signal=FLAT action=hold
2026-08-14 18:35:36,434 INFO USO price=126.77 rsi=60.6 signal=FLAT action=hold
2026-08-14 18:35:36,435 INFO XLE price=61.92 rsi=65.1 signal=FLAT action=flat
2026-08-14 18:35:36,436 INFO STATUS market=open equity=$10144.19 cash=$10153.62 dailyPL=0.28% positions=['UCO', 'GLD', 'UNG', 'USO'] pending=1 trades=19
2026-08-14 20:17:58,272 INFO GLD last_bar=2026-08-14 15:30:00-04:00 age=48min -> market closed/stale
2026-08-14 20:17:58,516 INFO SPY last_bar=2026-08-14 15:30:00-04:00 age=48min -> market closed/stale
2026-08-14 20:17:58,728 INFO UCO last_bar=2026-08-14 15:30:00-04:00 age=48min -> market closed/stale
2026-08-14 20:17:58,947 INFO UNG last_bar=2026-08-14 15:30:00-04:00 age=48min -> market closed/stale
2026-08-14 20:17:59,198 INFO USO last_bar=2026-08-14 15:30:00-04:00 age=48min -> market closed/stale
2026-08-14 20:17:59,440 INFO XLE last_bar=2026-08-14 15:30:00-04:00 age=48min -> market closed/stale
2026-08-14 20:17:59,442 INFO STATUS market=closed equity=$10133.48 cash=$10153.62 dailyPL=0.17% positions=['UCO', 'GLD', 'UNG', 'USO'] pending=1 trades=19
2026-08-14 21:44:49,750 INFO GLD last_bar=2026-08-14 15:30:00-04:00 age=135min -> market closed/stale
2026-08-14 21:44:50,199 INFO SPY last_bar=2026-08-14 15:30:00-04:00 age=135min -> market closed/stale
2026-08-14 21:44:50,528 INFO UCO last_bar=2026-08-14 15:30:00-04:00 age=135min -> market closed/stale
2026-08-14 21:44:50,794 INFO UNG last_bar=2026-08-14 15:30:00-04:00 age=135min -> market closed/stale
2026-08-14 21:44:51,133 INFO USO last_bar=2026-08-14 15:30:00-04:00 age=135min -> market closed/stale
2026-08-14 21:44:51,510 INFO XLE last_bar=2026-08-14 15:30:00-04:00 age=135min -> market closed/stale
2026-08-14 21:44:51,511 INFO STATUS market=closed equity=$10133.48 cash=$10153.62 dailyPL=0.17% positions=['UCO', 'GLD', 'UNG', 'USO'] pending=1 trades=19
2026-08-17 14:05:15,230 INFO CLOSE LONG UNG 100.3615 @ 9.86 (stop-hit) P/L=$-20.19
2026-08-17 14:05:15,230 INFO CLOSE LONG USO 20.0051 @ 126.76 (conviction-replace) P/L=$-0.20
2026-08-17 14:05:15,230 INFO OPEN LONG USO 20.0128 @ 126.76 stop=124.22 target=131.83 level=high
2026-08-17 14:05:15,230 INFO CMD conviction LONG USO level=high
2026-08-17 14:05:15,231 INFO GLD price=404.32 rsi=63.1 signal=FLAT action=hold
2026-08-17 14:05:15,232 INFO SPY price=775.41 rsi=46.3 signal=FLAT action=hold
2026-08-17 14:05:15,233 INFO UCO price=41.79 rsi=63.4 signal=FLAT action=hold
2026-08-17 14:05:15,234 INFO UNG price=9.78 rsi=25.8 signal=FLAT action=flat
2026-08-17 14:05:15,235 INFO USO price=126.76 rsi=58.6 signal=FLAT action=hold
2026-08-17 14:05:15,235 INFO XLE price=62.33 rsi=72.1 signal=FLAT action=flat
2026-08-17 14:05:15,236 INFO STATUS market=open equity=$10147.31 cash=$10133.22 dailyPL=0.07% positions=['UCO', 'GLD', 'USO'] pending=1 trades=21
